// Jest Snapshot v1, https://goo.gl/fbAQLP

exports[`renders correctly 1`] = `
<section
  className="wrapper"
>
  <header
    className="header"
  >
    <h1
      className="title"
    >
      films
    </h1>
    <section
      className="wrapper"
    >
      <input
        className="input"
        type="search"
      />
      <div
        className="img"
      />
    </section>
  </header>
  <div
    className="movie"
  >
    <section>
      <h3
        className="title"
      >
        The Jungle Book
      </h3>
      <div
        className="wrapper"
      >
        <ul
          className="genres"
        >
          <li
            className="genre"
          >
            Adventure
          </li>
          <li
            className="genre"
          >
            Drama
          </li>
          <li
            className="genre"
          >
            Family
          </li>
          <li
            className="genre"
          >
            Fantasy
          </li>
        </ul>
        <p>
          |
        </p>
        <div
          className="duration"
        >
          <p
            className="duration"
          >
            1h 46m
          </p>
        </div>
      </div>
      <div
        className="rating"
      >
        <ul
          className="stars"
        >
          <li
            className="star"
          />
          <li
            className="star"
          />
          <li
            className="star"
          />
          <li
            className="star"
          />
          <li
            className="star"
          />
          <div
            className="rating"
          >
            4.8
          </div>
        </ul>
      </div>
    </section>
    <section>
      <div
        className="wrapper"
      >
        <p>
          There are growing dangers in the wizarding world of 1926 New York. Something mysterious is leaving a path of destruction in the streets, threatening to expose the wizarding
        </p>
      </div>
      <div
        className="wrapper"
      >
        <button
          className="button watch"
        >
          Watch Now
        </button>
        <div
          className="info"
        >
          <button
            className="button view"
          >
            View Info
          </button>
        </div>
      </div>
    </section>
  </div>
</section>
`;
