// Jest Snapshot v1, https://goo.gl/fbAQLP

exports[`renders correctly 1`] = `
<ul
  className="genres"
>
  <li
    className="genre"
  >
    Adventure
  </li>
  <li
    className="genre"
  >
    Drama
  </li>
  <li
    className="genre"
  >
    Family
  </li>
  <li
    className="genre"
  >
    Fantasy
  </li>
</ul>
`;
